分类: 央视频道, 名称: CCTV-1, 有效: 5, IPv4: 16, IPv6: 0, 最小延迟: 92 ms, 最高速率: 3.00 M/s, 平均速率: 2.66 M/s, 最高分辨率: 1920x1080, 平均帧率: 25.00, 视频编解码器: h264, 音频编解码器: aac
分类: 央视频道, 名称: CCTV-2, 有效: 5, IPv4: 7, IPv6: 0, 最小延迟: 98 ms, 最高速率: 6.20 M/s, 平均速率: 3.27 M/s, 最高分辨率: 1920x1080, 平均帧率: 未知, 视频编解码器: 未知, 音频编解码器: 未知
分类: 央视频道, 名称: CCTV-3, 有效: 5, IPv4: 7, IPv6: 0, 最小延迟: 102 ms, 最高速率: 8.46 M/s, 平均速率: 3.48 M/s, 最高分辨率: 1920x1080, 平均帧率: 未知, 视频编解码器: 未知, 音频编解码器: 未知
分类: 央视频道, 名称: CCTV-4, 有效: 5, IPv4: 12, IPv6: 0, 最小延迟: 61 ms, 最高速率: 17.44 M/s, 平均速率: 6.57 M/s, 最高分辨率: 1920x1080, 平均帧率: 50.00, 视频编解码器: h264, 音频编解码器: mp2
分类: 央视频道, 名称: CCTV-5, 有效: 5, IPv4: 13, IPv6: 0, 最小延迟: 151 ms, 最高速率: 3.81 M/s, 平均速率: 2.57 M/s, 最高分辨率: 1920x1080, 平均帧率: 50.00, 视频编解码器: h264, 音频编解码器: mp2
分类: 央视频道, 名称: CCTV-6, 有效: 5, IPv4: 5, IPv6: 0, 最小延迟: 97 ms, 最高速率: 5.72 M/s, 平均速率: 2.66 M/s, 最高分辨率: 1920x1080, 平均帧率: 未知, 视频编解码器: 未知, 音频编解码器: 未知
分类: 央视频道, 名称: CCTV-7, 有效: 5, IPv4: 5, IPv6: 0, 最小延迟: 109 ms, 最高速率: 7.98 M/s, 平均速率: 4.12 M/s, 最高分辨率: 1920x1080, 平均帧率: 未知, 视频编解码器: 未知, 音频编解码器: 未知
分类: 央视频道, 名称: CCTV-8, 有效: 5, IPv4: 5, IPv6: 0, 最小延迟: 105 ms, 最高速率: 4.36 M/s, 平均速率: 3.00 M/s, 最高分辨率: 1280x720, 平均帧率: 未知, 视频编解码器: 未知, 音频编解码器: 未知
分类: 央视频道, 名称: CCTV-9, 有效: 5, IPv4: 5, IPv6: 0, 最小延迟: 94 ms, 最高速率: 11.71 M/s, 平均速率: 4.35 M/s, 最高分辨率: 1920x1080, 平均帧率: 未知, 视频编解码器: 未知, 音频编解码器: 未知
分类: 央视频道, 名称: CCTV-5+, 有效: 1, IPv4: 28, IPv6: 0, 最小延迟: 266 ms, 最高速率: 3.02 M/s, 平均速率: 3.02 M/s, 最高分辨率: 1920x1080, 平均帧率: 未知, 视频编解码器: 未知, 音频编解码器: 未知
分类: 央视频道, 名称: CCTV-10, 有效: 5, IPv4: 6, IPv6: 0, 最小延迟: 64 ms, 最高速率: 23.48 M/s, 平均速率: 9.65 M/s, 最高分辨率: 1920x1080, 平均帧率: 未知, 视频编解码器: 未知, 音频编解码器: 未知
分类: 央视频道, 名称: CCTV-11, 有效: 5, IPv4: 5, IPv6: 0, 最小延迟: 112 ms, 最高速率: 10.42 M/s, 平均速率: 5.78 M/s, 最高分辨率: 1920x1080, 平均帧率: 未知, 视频编解码器: 未知, 音频编解码器: 未知
分类: 央视频道, 名称: CCTV-12, 有效: 5, IPv4: 5, IPv6: 0, 最小延迟: 168 ms, 最高速率: 5.34 M/s, 平均速率: 3.03 M/s, 最高分辨率: 1280x720, 平均帧率: 未知, 视频编解码器: 未知, 音频编解码器: 未知
分类: 央视频道, 名称: CCTV-13, 有效: 4, IPv4: 47, IPv6: 0, 最小延迟: 124 ms, 最高速率: 7.32 M/s, 平均速率: 3.55 M/s, 最高分辨率: 1920x1080, 平均帧率: 25.00, 视频编解码器: h264, 音频编解码器: aac
分类: 央视频道, 名称: CCTV-14, 有效: 5, IPv4: 18, IPv6: 0, 最小延迟: 211 ms, 最高速率: 3.44 M/s, 平均速率: 2.55 M/s, 最高分辨率: 1920x1080, 平均帧率: 25.00, 视频编解码器: h264, 音频编解码器: aac
分类: 央视频道, 名称: CCTV-15, 有效: 5, IPv4: 12, IPv6: 0, 最小延迟: 137 ms, 最高速率: 5.50 M/s, 平均速率: 3.30 M/s, 最高分辨率: 1920x1080, 平均帧率: 25.00, 视频编解码器: h264, 音频编解码器: aac
分类: 央视频道, 名称: CCTV-16, 有效: 5, IPv4: 6, IPv6: 0, 最小延迟: 139 ms, 最高速率: 3.94 M/s, 平均速率: 2.78 M/s, 最高分辨率: 1920x1080, 平均帧率: 未知, 视频编解码器: 未知, 音频编解码器: 未知
分类: 央视频道, 名称: CCTV-17, 有效: 5, IPv4: 5, IPv6: 0, 最小延迟: 61 ms, 最高速率: 9.58 M/s, 平均速率: 4.45 M/s, 最高分辨率: 1920x1080, 平均帧率: 未知, 视频编解码器: 未知, 音频编解码器: 未知
分类: 央视频道, 名称: CETV1, 有效: 2, IPv4: 37, IPv6: 0, 最小延迟: 91 ms, 最高速率: 16.78 M/s, 平均速率: 11.26 M/s, 最高分辨率: 1920x1080, 平均帧率: 未知, 视频编解码器: 未知, 音频编解码器: 未知
分类: 央视频道, 名称: CETV2, 有效: 0, IPv4: 24, IPv6: 0, 最小延迟: 83 ms, 最高速率: 12.53 M/s, 平均速率: 0.00 M/s, 最高分辨率: 720x576, 平均帧率: 25.00, 视频编解码器: h264, 音频编解码器: aac
分类: 央视频道, 名称: CETV3, 有效: 1, IPv4: 6, IPv6: 0, 最小延迟: 110 ms, 最高速率: 17.50 M/s, 平均速率: 3.34 M/s, 最高分辨率: 1280x720, 平均帧率: 25.00, 视频编解码器: h264, 音频编解码器: aac
分类: 央视频道, 名称: CCTV-4K超高清, 有效: 3, IPv4: 8, IPv6: 0, 最小延迟: 304 ms, 最高速率: 3.49 M/s, 平均速率: 1.65 M/s, 最高分辨率: 3840x2160, 平均帧率: 50.00, 视频编解码器: hevc, 音频编解码器: aac
分类: 央视频道, 名称: CETV4, 有效: 1, IPv4: 30, IPv6: 0, 最小延迟: 106 ms, 最高速率: 18.61 M/s, 平均速率: 18.61 M/s, 最高分辨率: 1280x720, 平均帧率: 25.00, 视频编解码器: h264, 音频编解码器: aac
分类: 央视频道, 名称: CCTV-兵器科技, 有效: 5, IPv4: 6, IPv6: 0, 最小延迟: 66 ms, 最高速率: 54.81 M/s, 平均速率: 14.84 M/s, 最高分辨率: 1920x1080, 平均帧率: 未知, 视频编解码器: 未知, 音频编解码器: 未知
分类: 央视频道, 名称: CCTV-第一剧场, 有效: 5, IPv4: 6, IPv6: 0, 最小延迟: 105 ms, 最高速率: 37.91 M/s, 平均速率: 12.57 M/s, 最高分辨率: 1920x1080, 平均帧率: 未知, 视频编解码器: 未知, 音频编解码器: 未知
分类: 央视频道, 名称: CCTV-风云足球, 有效: 5, IPv4: 5, IPv6: 0, 最小延迟: 69 ms, 最高速率: 24.30 M/s, 平均速率: 14.91 M/s, 最高分辨率: 1920x1080, 平均帧率: 未知, 视频编解码器: 未知, 音频编解码器: 未知
分类: 央视频道, 名称: CCTV-4欧洲, 有效: 0, IPv4: 3, IPv6: 0, 最小延迟: 180 ms, 最高速率: 0.00 M/s, 平均速率: 0.00 M/s, 最高分辨率: None, 平均帧率: 未知, 视频编解码器: 未知, 音频编解码器: 未知
分类: 央视频道, 名称: CCTV-风云足球, 有效: 5, IPv4: 7, IPv6: 0, 最小延迟: 69 ms, 最高速率: 24.30 M/s, 平均速率: 14.91 M/s, 最高分辨率: 1920x1080, 平均帧率: 未知, 视频编解码器: 未知, 音频编解码器: 未知
分类: 央视频道, 名称: CCTV-4美洲, 有效: 0, IPv4: 3, IPv6: 0, 最小延迟: 180 ms, 最高速率: 0.00 M/s, 平均速率: 0.00 M/s, 最高分辨率: None, 平均帧率: 未知, 视频编解码器: 未知, 音频编解码器: 未知
分类: 央视频道, 名称: CCTV-央视台球, 有效: 5, IPv4: 6, IPv6: 0, 最小延迟: 147 ms, 最高速率: 17.47 M/s, 平均速率: 5.64 M/s, 最高分辨率: 1280x720, 平均帧率: 未知, 视频编解码器: 未知, 音频编解码器: 未知
分类: 央视频道, 名称: CCTV-世界地理, 有效: 4, IPv4: 7, IPv6: 0, 最小延迟: 73 ms, 最高速率: 7.06 M/s, 平均速率: 5.11 M/s, 最高分辨率: 1920x1080, 平均帧率: 未知, 视频编解码器: 未知, 音频编解码器: 未知
分类: 央视频道, 名称: CCTV-风云音乐, 有效: 5, IPv4: 5, IPv6: 0, 最小延迟: 80 ms, 最高速率: 41.11 M/s, 平均速率: 19.04 M/s, 最高分辨率: 1920x1080, 平均帧率: 未知, 视频编解码器: 未知, 音频编解码器: 未知
分类: 央视频道, 名称: CCTV-央视台球, 有效: 5, IPv4: 9, IPv6: 0, 最小延迟: 147 ms, 最高速率: 17.47 M/s, 平均速率: 5.64 M/s, 最高分辨率: 1920x1080, 平均帧率: 未知, 视频编解码器: 未知, 音频编解码器: 未知
分类: 央视频道, 名称: CCTV-风云剧场, 有效: 5, IPv4: 5, IPv6: 0, 最小延迟: 104 ms, 最高速率: 42.08 M/s, 平均速率: 12.16 M/s, 最高分辨率: 1920x1080, 平均帧率: 未知, 视频编解码器: 未知, 音频编解码器: 未知
分类: 央视频道, 名称: CCTV-怀旧剧场, 有效: 5, IPv4: 6, IPv6: 0, 最小延迟: 72 ms, 最高速率: 48.84 M/s, 平均速率: 20.29 M/s, 最高分辨率: 1920x1080, 平均帧率: 未知, 视频编解码器: 未知, 音频编解码器: 未知
分类: 央视频道, 名称: CCTV-文化精品, 有效: 5, IPv4: 5, IPv6: 0, 最小延迟: 65 ms, 最高速率: 55.22 M/s, 平均速率: 24.38 M/s, 最高分辨率: 1920x1080, 平均帧率: 未知, 视频编解码器: 未知, 音频编解码器: 未知
分类: 央视频道, 名称: CCTV-央视高网, 有效: 4, IPv4: 7, IPv6: 0, 最小延迟: 87 ms, 最高速率: 24.13 M/s, 平均速率: 13.11 M/s, 最高分辨率: 1920x1080, 平均帧率: 未知, 视频编解码器: 未知, 音频编解码器: 未知
分类: 央视频道, 名称: CGTN记录, 有效: 0, IPv4: 3, IPv6: 0, 最小延迟: -1 ms, 最高速率: 0.00 M/s, 平均速率: 0.00 M/s, 最高分辨率: None, 平均帧率: 未知, 视频编解码器: 未知, 音频编解码器: 未知
分类: 央视频道, 名称: CGTN英语, 有效: 0, IPv4: 4, IPv6: 0, 最小延迟: -1 ms, 最高速率: 0.00 M/s, 平均速率: 0.00 M/s, 最高分辨率: None, 平均帧率: 未知, 视频编解码器: 未知, 音频编解码器: 未知
分类: 央视频道, 名称: CGTN俄语, 有效: 4, IPv4: 16, IPv6: 0, 最小延迟: 91 ms, 最高速率: 46.63 M/s, 平均速率: 14.07 M/s, 最高分辨率: 1920x1080, 平均帧率: 未知, 视频编解码器: 未知, 音频编解码器: 未知
分类: 央视频道, 名称: CGTN法语, 有效: 2, IPv4: 13, IPv6: 0, 最小延迟: 80 ms, 最高速率: 48.19 M/s, 平均速率: 24.98 M/s, 最高分辨率: 1920x1080, 平均帧率: 未知, 视频编解码器: 未知, 音频编解码器: 未知
分类: 卫视频道, 名称: 北京卫视, 有效: 5, IPv4: 5, IPv6: 0, 最小延迟: 133 ms, 最高速率: 13.00 M/s, 平均速率: 5.08 M/s, 最高分辨率: 1920x1080, 平均帧率: 未知, 视频编解码器: 未知, 音频编解码器: 未知
分类: 央视频道, 名称: CGTN西语, 有效: 0, IPv4: 5, IPv6: 0, 最小延迟: -1 ms, 最高速率: 0.00 M/s, 平均速率: 0.00 M/s, 最高分辨率: None, 平均帧率: 未知, 视频编解码器: 未知, 音频编解码器: 未知
分类: 卫视频道, 名称: 湖南卫视, 有效: 5, IPv4: 5, IPv6: 0, 最小延迟: 151 ms, 最高速率: 3.05 M/s, 平均速率: 1.98 M/s, 最高分辨率: 3840x2160, 平均帧率: 未知, 视频编解码器: 未知, 音频编解码器: 未知
分类: 央视频道, 名称: CGTN阿语, 有效: 0, IPv4: 5, IPv6: 0, 最小延迟: -1 ms, 最高速率: 0.00 M/s, 平均速率: 0.00 M/s, 最高分辨率: None, 平均帧率: 未知, 视频编解码器: 未知, 音频编解码器: 未知
分类: 卫视频道, 名称: 东方卫视, 有效: 5, IPv4: 6, IPv6: 0, 最小延迟: 131 ms, 最高速率: 7.78 M/s, 平均速率: 4.46 M/s, 最高分辨率: 1920x1080, 平均帧率: 未知, 视频编解码器: 未知, 音频编解码器: 未知
分类: 卫视频道, 名称: 四川卫视, 有效: 5, IPv4: 10, IPv6: 0, 最小延迟: 163 ms, 最高速率: 3.82 M/s, 平均速率: 3.64 M/s, 最高分辨率: 1920x1080, 平均帧率: 25.00, 视频编解码器: mpeg2video, 音频编解码器: mp2
分类: 卫视频道, 名称: 山东卫视, 有效: 5, IPv4: 5, IPv6: 0, 最小延迟: 88 ms, 最高速率: 16.69 M/s, 平均速率: 9.10 M/s, 最高分辨率: 1920x1080, 平均帧率: 未知, 视频编解码器: 未知, 音频编解码器: 未知
分类: 卫视频道, 名称: 深圳卫视, 有效: 5, IPv4: 5, IPv6: 0, 最小延迟: 105 ms, 最高速率: 5.81 M/s, 平均速率: 4.24 M/s, 最高分辨率: 1920x1080, 平均帧率: 未知, 视频编解码器: 未知, 音频编解码器: 未知
分类: 卫视频道, 名称: 广东卫视, 有效: 5, IPv4: 6, IPv6: 0, 最小延迟: 81 ms, 最高速率: 48.47 M/s, 平均速率: 17.60 M/s, 最高分辨率: 1920x1080, 平均帧率: 未知, 视频编解码器: 未知, 音频编解码器: 未知
分类: 卫视频道, 名称: 江苏卫视, 有效: 5, IPv4: 6, IPv6: 0, 最小延迟: 150 ms, 最高速率: 17.26 M/s, 平均速率: 11.01 M/s, 最高分辨率: 1920x1080, 平均帧率: 未知, 视频编解码器: 未知, 音频编解码器: 未知
分类: 卫视频道, 名称: 浙江卫视, 有效: 5, IPv4: 5, IPv6: 0, 最小延迟: 61 ms, 最高速率: 19.16 M/s, 平均速率: 12.90 M/s, 最高分辨率: 1920x1080, 平均帧率: 未知, 视频编解码器: 未知, 音频编解码器: 未知
分类: 卫视频道, 名称: 天津卫视, 有效: 5, IPv4: 6, IPv6: 0, 最小延迟: 68 ms, 最高速率: 17.32 M/s, 平均速率: 6.29 M/s, 最高分辨率: 1920x1080, 平均帧率: 25.00, 视频编解码器: h264, 音频编解码器: aac
分类: 卫视频道, 名称: 安徽卫视, 有效: 5, IPv4: 5, IPv6: 0, 最小延迟: 85 ms, 最高速率: 19.43 M/s, 平均速率: 8.90 M/s, 最高分辨率: 1920x1080, 平均帧率: 未知, 视频编解码器: 未知, 音频编解码器: 未知
分类: 卫视频道, 名称: 江西卫视, 有效: 5, IPv4: 5, IPv6: 0, 最小延迟: 81 ms, 最高速率: 26.90 M/s, 平均速率: 11.50 M/s, 最高分辨率: 1920x1080, 平均帧率: 未知, 视频编解码器: 未知, 音频编解码器: 未知
分类: 卫视频道, 名称: 河北卫视, 有效: 5, IPv4: 5, IPv6: 0, 最小延迟: 90 ms, 最高速率: 21.47 M/s, 平均速率: 10.44 M/s, 最高分辨率: 1920x1080, 平均帧率: 未知, 视频编解码器: 未知, 音频编解码器: 未知
分类: 卫视频道, 名称: 河南卫视, 有效: 5, IPv4: 6, IPv6: 0, 最小延迟: 173 ms, 最高速率: 12.39 M/s, 平均速率: 7.01 M/s, 最高分辨率: 1920x1080, 平均帧率: 未知, 视频编解码器: 未知, 音频编解码器: 未知
分类: 卫视频道, 名称: 广西卫视, 有效: 4, IPv4: 32, IPv6: 0, 最小延迟: 235 ms, 最高速率: 3.38 M/s, 平均速率: 2.64 M/s, 最高分辨率: 1920x1080, 平均帧率: 未知, 视频编解码器: 未知, 音频编解码器: 未知
分类: 卫视频道, 名称: 海南卫视, 有效: 1, IPv4: 23, IPv6: 0, 最小延迟: 180 ms, 最高速率: 4.72 M/s, 平均速率: 4.72 M/s, 最高分辨率: 1920x1080, 平均帧率: 25.00, 视频编解码器: h264, 音频编解码器: aac
分类: 卫视频道, 名称: 湖北卫视, 有效: 4, IPv4: 35, IPv6: 0, 最小延迟: 107 ms, 最高速率: 3.99 M/s, 平均速率: 2.84 M/s, 最高分辨率: 1920x1080, 平均帧率: 25.00, 视频编解码器: hevc, 音频编解码器: aac
分类: 卫视频道, 名称: 山西卫视, 有效: 5, IPv4: 10, IPv6: 0, 最小延迟: 112 ms, 最高速率: 39.90 M/s, 平均速率: 10.74 M/s, 最高分辨率: 1920x1080, 平均帧率: 30.00, 视频编解码器: h264, 音频编解码器: aac
分类: 卫视频道, 名称: 东南卫视, 有效: 5, IPv4: 5, IPv6: 0, 最小延迟: 69 ms, 最高速率: 20.65 M/s, 平均速率: 8.77 M/s, 最高分辨率: 1920x1080, 平均帧率: 未知, 视频编解码器: 未知, 音频编解码器: 未知
分类: 卫视频道, 名称: 贵州卫视, 有效: 5, IPv4: 6, IPv6: 0, 最小延迟: 82 ms, 最高速率: 16.47 M/s, 平均速率: 7.92 M/s, 最高分辨率: 1920x1080, 平均帧率: 未知, 视频编解码器: 未知, 音频编解码器: 未知
分类: 卫视频道, 名称: 辽宁卫视, 有效: 5, IPv4: 7, IPv6: 0, 最小延迟: 168 ms, 最高速率: 9.53 M/s, 平均速率: 6.13 M/s, 最高分辨率: 1920x1080, 平均帧率: 未知, 视频编解码器: 未知, 音频编解码器: 未知
分类: 卫视频道, 名称: 重庆卫视, 有效: 5, IPv4: 11, IPv6: 0, 最小延迟: 242 ms, 最高速率: 8.22 M/s, 平均速率: 3.39 M/s, 最高分辨率: 1920x1080, 平均帧率: 27.50, 视频编解码器: h264, 音频编解码器: aac
分类: 卫视频道, 名称: 宁夏卫视, 有效: 5, IPv4: 5, IPv6: 0, 最小延迟: 94 ms, 最高速率: 8.96 M/s, 平均速率: 4.70 M/s, 最高分辨率: 1920x1080, 平均帧率: 未知, 视频编解码器: 未知, 音频编解码器: 未知
分类: 卫视频道, 名称: 陕西卫视, 有效: 5, IPv4: 8, IPv6: 0, 最小延迟: 96 ms, 最高速率: 6.27 M/s, 平均速率: 3.85 M/s, 最高分辨率: 1920x1080, 平均帧率: 25.00, 视频编解码器: h264, 音频编解码器: aac
分类: 卫视频道, 名称: 吉林卫视, 有效: 5, IPv4: 6, IPv6: 0, 最小延迟: 61 ms, 最高速率: 15.87 M/s, 平均速率: 8.31 M/s, 最高分辨率: 1920x1080, 平均帧率: 未知, 视频编解码器: 未知, 音频编解码器: 未知
分类: 卫视频道, 名称: 云南卫视, 有效: 5, IPv4: 6, IPv6: 0, 最小延迟: 105 ms, 最高速率: 21.54 M/s, 平均速率: 7.31 M/s, 最高分辨率: 1920x1080, 平均帧率: 未知, 视频编解码器: 未知, 音频编解码器: 未知
分类: 卫视频道, 名称: 甘肃卫视, 有效: 0, IPv4: 22, IPv6: 0, 最小延迟: 104 ms, 最高速率: 18.45 M/s, 平均速率: 0.00 M/s, 最高分辨率: 720x576, 平均帧率: 25.00, 视频编解码器: h264, 音频编解码器: aac
分类: 卫视频道, 名称: 三沙卫视, 有效: 4, IPv4: 9, IPv6: 0, 最小延迟: 92 ms, 最高速率: 15.94 M/s, 平均速率: 7.62 M/s, 最高分辨率: 1920x1080, 平均帧率: 未知, 视频编解码器: 未知, 音频编解码器: 未知
分类: 卫视频道, 名称: 新疆卫视, 有效: 5, IPv4: 5, IPv6: 0, 最小延迟: 90 ms, 最高速率: 46.54 M/s, 平均速率: 16.03 M/s, 最高分辨率: 1920x1080, 平均帧率: 未知, 视频编解码器: 未知, 音频编解码器: 未知
分类: 卫视频道, 名称: 青海卫视, 有效: 4, IPv4: 21, IPv6: 0, 最小延迟: 156 ms, 最高速率: 14.24 M/s, 平均速率: 6.18 M/s, 最高分辨率: 1920x1080, 平均帧率: 25.00, 视频编解码器: h264, 音频编解码器: aac
分类: 卫视频道, 名称: 香港卫视, 有效: 0, IPv4: 6, IPv6: 0, 最小延迟: -1 ms, 最高速率: 0.00 M/s, 平均速率: 0.00 M/s, 最高分辨率: None, 平均帧率: 未知, 视频编解码器: 未知, 音频编解码器: 未知
分类: 卫视频道, 名称: 西藏卫视, 有效: 4, IPv4: 29, IPv6: 0, 最小延迟: 77 ms, 最高速率: 51.47 M/s, 平均速率: 16.31 M/s, 最高分辨率: 1920x1080, 平均帧率: 25.00, 视频编解码器: h264, 音频编解码器: aac
分类: 卫视频道, 名称: 安多卫视, 有效: 0, IPv4: 1, IPv6: 0, 最小延迟: -1 ms, 最高速率: 0.00 M/s, 平均速率: 0.00 M/s, 最高分辨率: None, 平均帧率: 未知, 视频编解码器: 未知, 音频编解码器: 未知
分类: 卫视频道, 名称: 兵团卫视, 有效: 2, IPv4: 15, IPv6: 0, 最小延迟: 120 ms, 最高速率: 12.10 M/s, 平均速率: 7.29 M/s, 最高分辨率: 1920x1080, 平均帧率: 25.00, 视频编解码器: h264, 音频编解码器: aac
分类: 卫视频道, 名称: 康巴卫视, 有效: 0, IPv4: 2, IPv6: 0, 最小延迟: -1 ms, 最高速率: 0.00 M/s, 平均速率: 0.00 M/s, 最高分辨率: None, 平均帧率: 未知, 视频编解码器: 未知, 音频编解码器: 未知
分类: 卫视频道, 名称: 延边卫视, 有效: 2, IPv4: 7, IPv6: 0, 最小延迟: 102 ms, 最高速率: 7.57 M/s, 平均速率: 4.77 M/s, 最高分辨率: 1280x720, 平均帧率: 未知, 视频编解码器: 未知, 音频编解码器: 未知
分类: 卫视频道, 名称: 厦门卫视, 有效: 1, IPv4: 4, IPv6: 0, 最小延迟: 314 ms, 最高速率: 1.93 M/s, 平均速率: 1.93 M/s, 最高分辨率: 1280x720, 平均帧率: 未知, 视频编解码器: 未知, 音频编解码器: 未知
分类: 卫视频道, 名称: 珠江卫视, 有效: 0, IPv4: 3, IPv6: 0, 最小延迟: -1 ms, 最高速率: 0.00 M/s, 平均速率: 0.00 M/s, 最高分辨率: None, 平均帧率: 未知, 视频编解码器: 未知, 音频编解码器: 未知
分类: 卫视频道, 名称: 大湾区卫视, 有效: 3, IPv4: 8, IPv6: 0, 最小延迟: 456 ms, 最高速率: 1.46 M/s, 平均速率: 1.20 M/s, 最高分辨率: 1920x1080, 平均帧率: 25.00, 视频编解码器: h264, 音频编解码器: aac
分类: 卫视频道, 名称: 黑龙江卫视, 有效: 5, IPv4: 6, IPv6: 0, 最小延迟: 115 ms, 最高速率: 9.72 M/s, 平均速率: 4.86 M/s, 最高分辨率: 1920x1080, 平均帧率: 未知, 视频编解码器: 未知, 音频编解码器: 未知
分类: 卫视频道, 名称: 农林卫视, 有效: 0, IPv4: 5, IPv6: 0, 最小延迟: 493 ms, 最高速率: 0.13 M/s, 平均速率: 0.00 M/s, 最高分辨率: None, 平均帧率: 未知, 视频编解码器: 未知, 音频编解码器: 未知
分类: 卫视频道, 名称: 内蒙古卫视, 有效: 5, IPv4: 7, IPv6: 0, 最小延迟: 67 ms, 最高速率: 56.39 M/s, 平均速率: 24.35 M/s, 最高分辨率: 1920x1080, 平均帧率: 25.00, 视频编解码器: h264, 音频编解码器: aac
分类: 数字频道, 名称: CHC家庭影院, 有效: 5, IPv4: 5, IPv6: 0, 最小延迟: 117 ms, 最高速率: 11.64 M/s, 平均速率: 8.95 M/s, 最高分辨率: 1920x1080, 平均帧率: 未知, 视频编解码器: 未知, 音频编解码器: 未知
分类: 数字频道, 名称: 爱上4K, 有效: 0, IPv4: 3, IPv6: 0, 最小延迟: -1 ms, 最高速率: 0.00 M/s, 平均速率: 0.00 M/s, 最高分辨率: None, 平均帧率: 未知, 视频编解码器: 未知, 音频编解码器: 未知
分类: 卫视频道, 名称: 山东教育卫视, 有效: 0, IPv4: 2, IPv6: 0, 最小延迟: 1000 ms, 最高速率: 1.44 M/s, 平均速率: 0.00 M/s, 最高分辨率: 720x576, 平均帧率: 25.00, 视频编解码器: h264, 音频编解码器: aac
分类: 数字频道, 名称: CHC动作电影, 有效: 3, IPv4: 8, IPv6: 0, 最小延迟: 97 ms, 最高速率: 13.52 M/s, 平均速率: 9.29 M/s, 最高分辨率: 1920x1080, 平均帧率: 未知, 视频编解码器: 未知, 音频编解码器: 未知
分类: 数字频道, 名称: 纯享4K, 有效: 1, IPv4: 2, IPv6: 0, 最小延迟: 242 ms, 最高速率: 23.05 M/s, 平均速率: 23.05 M/s, 最高分辨率: 1920x1080, 平均帧率: 未知, 视频编解码器: 未知, 音频编解码器: 未知
分类: 数字频道, 名称: 求索生活, 有效: 0, IPv4: 1, IPv6: 0, 最小延迟: -1 ms, 最高速率: 0.00 M/s, 平均速率: 0.00 M/s, 最高分辨率: None, 平均帧率: 未知, 视频编解码器: 未知, 音频编解码器: 未知
分类: 数字频道, 名称: 求索纪录, 有效: 0, IPv4: 2, IPv6: 0, 最小延迟: -1 ms, 最高速率: 0.00 M/s, 平均速率: 0.00 M/s, 最高分辨率: None, 平均帧率: 未知, 视频编解码器: 未知, 音频编解码器: 未知
分类: 数字频道, 名称: 求索动物, 有效: 0, IPv4: 1, IPv6: 0, 最小延迟: -1 ms, 最高速率: 0.00 M/s, 平均速率: 0.00 M/s, 最高分辨率: None, 平均帧率: 未知, 视频编解码器: 未知, 音频编解码器: 未知
分类: 数字频道, 名称: CHC影迷电影, 有效: 3, IPv4: 5, IPv6: 0, 最小延迟: 61 ms, 最高速率: 10.06 M/s, 平均速率: 6.96 M/s, 最高分辨率: 1280x720, 平均帧率: 未知, 视频编解码器: 未知, 音频编解码器: 未知
分类: 数字频道, 名称: 漫威电影, 有效: 0, IPv4: 1, IPv6: 0, 最小延迟: -1 ms, 最高速率: 0.00 M/s, 平均速率: 0.00 M/s, 最高分辨率: None, 平均帧率: 未知, 视频编解码器: 未知, 音频编解码器: 未知
分类: 数字频道, 名称: 1905电影网, 有效: 0, IPv4: 1, IPv6: 0, 最小延迟: -1 ms, 最高速率: 0.00 M/s, 平均速率: 0.00 M/s, 最高分辨率: None, 平均帧率: 未知, 视频编解码器: 未知, 音频编解码器: 未知
分类: 数字频道, 名称: 重温经典, 有效: 3, IPv4: 40, IPv6: 0, 最小延迟: 112 ms, 最高速率: 5.74 M/s, 平均速率: 4.94 M/s, 最高分辨率: 1920x1080, 平均帧率: 25.00, 视频编解码器: h264, 音频编解码器: aac
分类: 数字频道, 名称: 峨眉电影, 有效: 0, IPv4: 5, IPv6: 0, 最小延迟: -1 ms, 最高速率: 0.00 M/s, 平均速率: 0.00 M/s, 最高分辨率: None, 平均帧率: 未知, 视频编解码器: 未知, 音频编解码器: 未知
分类: 数字频道, 名称: 精彩影视, 有效: 0, IPv4: 4, IPv6: 0, 最小延迟: -1 ms, 最高速率: 0.00 M/s, 平均速率: 0.00 M/s, 最高分辨率: None, 平均帧率: 未知, 视频编解码器: 未知, 音频编解码器: 未知
分类: 数字频道, 名称: 纪实科教, 有效: 0, IPv4: 3, IPv6: 0, 最小延迟: -1 ms, 最高速率: 0.00 M/s, 平均速率: 0.00 M/s, 最高分辨率: None, 平均帧率: 未知, 视频编解码器: 未知, 音频编解码器: 未知
分类: 数字频道, 名称: 金鹰纪实, 有效: 0, IPv4: 4, IPv6: 0, 最小延迟: -1 ms, 最高速率: 0.00 M/s, 平均速率: 0.00 M/s, 最高分辨率: None, 平均帧率: 未知, 视频编解码器: 未知, 音频编解码器: 未知
分类: 数字频道, 名称: 劲爆体育, 有效: 0, IPv4: 3, IPv6: 0, 最小延迟: 180 ms, 最高速率: 0.00 M/s, 平均速率: 0.00 M/s, 最高分辨率: None, 平均帧率: 未知, 视频编解码器: 未知, 音频编解码器: 未知
分类: 数字频道, 名称: 文物宝库, 有效: 3, IPv4: 8, IPv6: 0, 最小延迟: 327 ms, 最高速率: 2.69 M/s, 平均速率: 2.00 M/s, 最高分辨率: 1920x1080, 平均帧率: 25.00, 视频编解码器: h264, 音频编解码器: aac
分类: 数字频道, 名称: 五星体育, 有效: 0, IPv4: 4, IPv6: 0, 最小延迟: 593 ms, 最高速率: 0.00 M/s, 平均速率: 0.00 M/s, 最高分辨率: None, 平均帧率: 未知, 视频编解码器: 未知, 音频编解码器: 未知
分类: 数字频道, 名称: 第一财经, 有效: 0, IPv4: 3, IPv6: 0, 最小延迟: 7 ms, 最高速率: 6.76 M/s, 平均速率: 0.00 M/s, 最高分辨率: None, 平均帧率: 未知, 视频编解码器: 未知, 音频编解码器: aac
分类: 数字频道, 名称: 哒啵电竞, 有效: 0, IPv4: 1, IPv6: 0, 最小延迟: -1 ms, 最高速率: 0.00 M/s, 平均速率: 0.00 M/s, 最高分辨率: None, 平均帧率: 未知, 视频编解码器: 未知, 音频编解码器: 未知
分类: 数字频道, 名称: 哒啵赛事, 有效: 2, IPv4: 5, IPv6: 0, 最小延迟: 61 ms, 最高速率: 57.46 M/s, 平均速率: 56.32 M/s, 最高分辨率: 1920x1080, 平均帧率: 未知, 视频编解码器: 未知, 音频编解码器: 未知
分类: 数字频道, 名称: 黑莓动画, 有效: 0, IPv4: 1, IPv6: 0, 最小延迟: -1 ms, 最高速率: 0.00 M/s, 平均速率: 0.00 M/s, 最高分辨率: None, 平均帧率: 未知, 视频编解码器: 未知, 音频编解码器: 未知
分类: 数字频道, 名称: 黑莓电影, 有效: 0, IPv4: 2, IPv6: 0, 最小延迟: -1 ms, 最高速率: 0.00 M/s, 平均速率: 0.00 M/s, 最高分辨率: None, 平均帧率: 未知, 视频编解码器: 未知, 音频编解码器: 未知
分类: 数字频道, 名称: 魅力足球, 有效: 0, IPv4: 2, IPv6: 0, 最小延迟: 202 ms, 最高速率: 0.00 M/s, 平均速率: 0.00 M/s, 最高分辨率: None, 平均帧率: 未知, 视频编解码器: 未知, 音频编解码器: 未知
分类: 数字频道, 名称: 纪实人文, 有效: 0, IPv4: 10, IPv6: 0, 最小延迟: 367 ms, 最高速率: 0.00 M/s, 平均速率: 0.00 M/s, 最高分辨率: None, 平均帧率: 未知, 视频编解码器: 未知, 音频编解码器: 未知
分类: 数字频道, 名称: 纪实科教8K, 有效: 0, IPv4: 2, IPv6: 0, 最小延迟: -1 ms, 最高速率: 0.00 M/s, 平均速率: 0.00 M/s, 最高分辨率: None, 平均帧率: 未知, 视频编解码器: 未知, 音频编解码器: 未知
分类: 数字频道, 名称: 欢笑剧场, 有效: 0, IPv4: 13, IPv6: 0, 最小延迟: 779 ms, 最高速率: 0.00 M/s, 平均速率: 0.00 M/s, 最高分辨率: None, 平均帧率: 未知, 视频编解码器: 未知, 音频编解码器: 未知
分类: 数字频道, 名称: 法治天地, 有效: 0, IPv4: 8, IPv6: 0, 最小延迟: 673 ms, 最高速率: 0.00 M/s, 平均速率: 0.00 M/s, 最高分辨率: None, 平均帧率: 未知, 视频编解码器: 未知, 音频编解码器: 未知
分类: 数字频道, 名称: 南国都市, 有效: 4, IPv4: 5, IPv6: 0, 最小延迟: 270 ms, 最高速率: 1.97 M/s, 平均速率: 1.11 M/s, 最高分辨率: 1920x1080, 平均帧率: 50.00, 视频编解码器: h264, 音频编解码器: aac
分类: 数字频道, 名称: 都市剧场, 有效: 0, IPv4: 13, IPv6: 0, 最小延迟: 7 ms, 最高速率: 6.64 M/s, 平均速率: 0.00 M/s, 最高分辨率: None, 平均帧率: 未知, 视频编解码器: 未知, 音频编解码器: aac
分类: 数字频道, 名称: 环球旅游, 有效: 0, IPv4: 6, IPv6: 0, 最小延迟: -1 ms, 最高速率: 0.00 M/s, 平均速率: 0.00 M/s, 最高分辨率: None, 平均帧率: 未知, 视频编解码器: 未知, 音频编解码器: 未知
分类: 港澳台频道, 名称: 香港环球卫视, 有效: 0, IPv4: 1, IPv6: 0, 最小延迟: 644 ms, 最高速率: 0.00 M/s, 平均速率: 0.00 M/s, 最高分辨率: None, 平均帧率: 未知, 视频编解码器: 未知, 音频编解码器: 未知
分类: 港澳台频道, 名称: 凤凰资讯, 有效: 1, IPv4: 8, IPv6: 0, 最小延迟: 520 ms, 最高速率: 0.83 M/s, 平均速率: 0.83 M/s, 最高分辨率: 1920x1080, 平均帧率: 未知, 视频编解码器: 未知, 音频编解码器: 未知
分类: 港澳台频道, 名称: 澳视澳门, 有效: 0, IPv4: 2, IPv6: 0, 最小延迟: -1 ms, 最高速率: 0.00 M/s, 平均速率: 0.00 M/s, 最高分辨率: None, 平均帧率: 未知, 视频编解码器: 未知, 音频编解码器: 未知
分类: 港澳台频道, 名称: 亚洲卫视, 有效: 0, IPv4: 3, IPv6: 0, 最小延迟: -1 ms, 最高速率: 0.00 M/s, 平均速率: 0.00 M/s, 最高分辨率: 1920x1080, 平均帧率: 未知, 视频编解码器: 未知, 音频编解码器: 未知
分类: 港澳台频道, 名称: TVB无线新闻, 有效: 0, IPv4: 6, IPv6: 0, 最小延迟: 63 ms, 最高速率: 2.32 M/s, 平均速率: 0.00 M/s, 最高分辨率: 840x480, 平均帧率: 30.00, 视频编解码器: h264, 音频编解码器: aac
分类: 港澳台频道, 名称: TVB娱乐新闻, 有效: 0, IPv4: 2, IPv6: 0, 最小延迟: -1 ms, 最高速率: 0.00 M/s, 平均速率: 0.00 M/s, 最高分辨率: None, 平均帧率: 未知, 视频编解码器: 未知, 音频编解码器: 未知
分类: 港澳台频道, 名称: 凤凰中文, 有效: 1, IPv4: 13, IPv6: 0, 最小延迟: 1117 ms, 最高速率: 0.87 M/s, 平均速率: 0.73 M/s, 最高分辨率: 1920x1080, 平均帧率: 37.50, 视频编解码器: h264, 音频编解码器: mp2
分类: 港澳台频道, 名称: TVB翡翠台, 有效: 0, IPv4: 10, IPv6: 0, 最小延迟: 83 ms, 最高速率: 2.52 M/s, 平均速率: 0.00 M/s, 最高分辨率: 1920x1080, 平均帧率: 30.00, 视频编解码器: h264, 音频编解码器: aac
分类: 港澳台频道, 名称: TVBJ1, 有效: 0, IPv4: 2, IPv6: 0, 最小延迟: -1 ms, 最高速率: 0.00 M/s, 平均速率: 0.00 M/s, 最高分辨率: None, 平均帧率: 未知, 视频编解码器: 未知, 音频编解码器: 未知
分类: 港澳台频道, 名称: 凤凰香港, 有效: 0, IPv4: 7, IPv6: 0, 最小延迟: 71 ms, 最高速率: 1.30 M/s, 平均速率: 0.00 M/s, 最高分辨率: 840x480, 平均帧率: 30.00, 视频编解码器: h264, 音频编解码器: aac
分类: 港澳台频道, 名称: TVB明珠台, 有效: 0, IPv4: 4, IPv6: 0, 最小延迟: -1 ms, 最高速率: 0.00 M/s, 平均速率: 0.00 M/s, 最高分辨率: 1920x1080, 平均帧率: 未知, 视频编解码器: 未知, 音频编解码器: 未知
分类: 港澳台频道, 名称: 星光综合, 有效: 0, IPv4: 2, IPv6: 0, 最小延迟: -1 ms, 最高速率: 0.00 M/s, 平均速率: 0.00 M/s, 最高分辨率: None, 平均帧率: 未知, 视频编解码器: 未知, 音频编解码器: 未知
分类: 港澳台频道, 名称: 环球电视, 有效: 0, IPv4: 2, IPv6: 0, 最小延迟: -1 ms, 最高速率: 0.00 M/s, 平均速率: 0.00 M/s, 最高分辨率: None, 平均帧率: 未知, 视频编解码器: 未知, 音频编解码器: 未知
分类: 港澳台频道, 名称: 星空卫视, 有效: 0, IPv4: 2, IPv6: 0, 最小延迟: -1 ms, 最高速率: 0.00 M/s, 平均速率: 0.00 M/s, 最高分辨率: None, 平均帧率: 未知, 视频编解码器: 未知, 音频编解码器: 未知
分类: 港澳台频道, 名称: 点掌财经, 有效: 1, IPv4: 1, IPv6: 0, 最小延迟: 3202 ms, 最高速率: 0.58 M/s, 平均速率: 0.58 M/s, 最高分辨率: 1280x720, 平均帧率: 未知, 视频编解码器: 未知, 音频编解码器: 未知
分类: 港澳台频道, 名称: 耀才财经, 有效: 0, IPv4: 5, IPv6: 0, 最小延迟: 199 ms, 最高速率: 1.36 M/s, 平均速率: 0.00 M/s, 最高分辨率: 1024x576, 平均帧率: 未知, 视频编解码器: 未知, 音频编解码器: 未知
分类: 港澳台频道, 名称: 台视新闻, 有效: 3, IPv4: 5, IPv6: 0, 最小延迟: 182 ms, 最高速率: 4.94 M/s, 平均速率: 2.59 M/s, 最高分辨率: 1920x1080, 平均帧率: 29.97, 视频编解码器: h264, 音频编解码器: aac
分类: 港澳台频道, 名称: 华视新闻, 有效: 0, IPv4: 1, IPv6: 0, 最小延迟: -1 ms, 最高速率: 0.00 M/s, 平均速率: 0.00 M/s, 最高分辨率: None, 平均帧率: 未知, 视频编解码器: 未知, 音频编解码器: 未知
分类: 港澳台频道, 名称: 三立新闻, 有效: 0, IPv4: 1, IPv6: 0, 最小延迟: -1 ms, 最高速率: 0.00 M/s, 平均速率: 0.00 M/s, 最高分辨率: None, 平均帧率: 未知, 视频编解码器: 未知, 音频编解码器: 未知
分类: 港澳台频道, 名称: 中视新闻, 有效: 0, IPv4: 1, IPv6: 0, 最小延迟: -1 ms, 最高速率: 0.00 M/s, 平均速率: 0.00 M/s, 最高分辨率: None, 平均帧率: 未知, 视频编解码器: 未知, 音频编解码器: 未知
分类: 港澳台频道, 名称: 中视, 有效: 1, IPv4: 11, IPv6: 0, 最小延迟: 275 ms, 最高速率: 2.38 M/s, 平均速率: 2.38 M/s, 最高分辨率: 1920x1080, 平均帧率: 29.97, 视频编解码器: hevc, 音频编解码器: aac
分类: 港澳台频道, 名称: 非凡新闻, 有效: 0, IPv4: 2, IPv6: 0, 最小延迟: 1724 ms, 最高速率: 0.00 M/s, 平均速率: 0.00 M/s, 最高分辨率: None, 平均帧率: 未知, 视频编解码器: 未知, 音频编解码器: 未知
分类: 港澳台频道, 名称: 东森超视, 有效: 0, IPv4: 2, IPv6: 0, 最小延迟: 778 ms, 最高速率: 0.83 M/s, 平均速率: 0.00 M/s, 最高分辨率: None, 平均帧率: 29.97, 视频编解码器: h264, 音频编解码器: aac
分类: 港澳台频道, 名称: 民视新闻台, 有效: 0, IPv4: 1, IPv6: 0, 最小延迟: -1 ms, 最高速率: 0.00 M/s, 平均速率: 0.00 M/s, 最高分辨率: None, 平均帧率: 未知, 视频编解码器: 未知, 音频编解码器: 未知
分类: 港澳台频道, 名称: 民视综艺台, 有效: 0, IPv4: 1, IPv6: 0, 最小延迟: -1 ms, 最高速率: 0.00 M/s, 平均速率: 0.00 M/s, 最高分辨率: None, 平均帧率: 未知, 视频编解码器: 未知, 音频编解码器: 未知
分类: 港澳台频道, 名称: 民视影剧台, 有效: 0, IPv4: 1, IPv6: 0, 最小延迟: -1 ms, 最高速率: 0.00 M/s, 平均速率: 0.00 M/s, 最高分辨率: None, 平均帧率: 未知, 视频编解码器: 未知, 音频编解码器: 未知
分类: 港澳台频道, 名称: 中天亚洲台, 有效: 0, IPv4: 1, IPv6: 0, 最小延迟: -1 ms, 最高速率: 0.00 M/s, 平均速率: 0.00 M/s, 最高分辨率: None, 平均帧率: 未知, 视频编解码器: 未知, 音频编解码器: 未知
分类: 港澳台频道, 名称: 中视菁采, 有效: 0, IPv4: 1, IPv6: 0, 最小延迟: -1 ms, 最高速率: 0.00 M/s, 平均速率: 0.00 M/s, 最高分辨率: None, 平均帧率: 未知, 视频编解码器: 未知, 音频编解码器: 未知
分类: 港澳台频道, 名称: 美亚C+, 有效: 1, IPv4: 1, IPv6: 0, 最小延迟: 279 ms, 最高速率: 1.10 M/s, 平均速率: 1.10 M/s, 最高分辨率: 1920x1080, 平均帧率: 未知, 视频编解码器: 未知, 音频编解码器: 未知
分类: 港澳台频道, 名称: 纬来日本, 有效: 0, IPv4: 4, IPv6: 0, 最小延迟: 1748 ms, 最高速率: 0.00 M/s, 平均速率: 0.00 M/s, 最高分辨率: None, 平均帧率: 未知, 视频编解码器: 未知, 音频编解码器: 未知
分类: 港澳台频道, 名称: 纬来育乐, 有效: 0, IPv4: 4, IPv6: 0, 最小延迟: 1701 ms, 最高速率: 0.00 M/s, 平均速率: 0.00 M/s, 最高分辨率: None, 平均帧率: 未知, 视频编解码器: 未知, 音频编解码器: 未知
分类: 港澳台频道, 名称: 中天新闻, 有效: 0, IPv4: 4, IPv6: 0, 最小延迟: 2227 ms, 最高速率: 0.15 M/s, 平均速率: 0.00 M/s, 最高分辨率: None, 平均帧率: 未知, 视频编解码器: 未知, 音频编解码器: 未知
分类: 港澳台频道, 名称: 大爱1台, 有效: 0, IPv4: 1, IPv6: 0, 最小延迟: -1 ms, 最高速率: 0.00 M/s, 平均速率: 0.00 M/s, 最高分辨率: None, 平均帧率: 未知, 视频编解码器: 未知, 音频编解码器: 未知
分类: 港澳台频道, 名称: 大爱2台, 有效: 0, IPv4: 1, IPv6: 0, 最小延迟: -1 ms, 最高速率: 0.00 M/s, 平均速率: 0.00 M/s, 最高分辨率: None, 平均帧率: 未知, 视频编解码器: 未知, 音频编解码器: 未知
分类: 港澳台频道, 名称: 东森新闻, 有效: 0, IPv4: 2, IPv6: 0, 最小延迟: -1 ms, 最高速率: 0.00 M/s, 平均速率: 0.00 M/s, 最高分辨率: None, 平均帧率: 未知, 视频编解码器: 未知, 音频编解码器: 未知
分类: 港澳台频道, 名称: TVBS欢乐台, 有效: 0, IPv4: 1, IPv6: 0, 最小延迟: -1 ms, 最高速率: 0.00 M/s, 平均速率: 0.00 M/s, 最高分辨率: None, 平均帧率: 未知, 视频编解码器: 未知, 音频编解码器: 未知
分类: 港澳台频道, 名称: 大立电视台, 有效: 1, IPv4: 1, IPv6: 0, 最小延迟: 419 ms, 最高速率: 2.30 M/s, 平均速率: 2.30 M/s, 最高分辨率: 1280x720, 平均帧率: 未知, 视频编解码器: 未知, 音频编解码器: 未知
分类: 港澳台频道, 名称: 番薯台, 有效: 0, IPv4: 1, IPv6: 0, 最小延迟: -1 ms, 最高速率: 0.00 M/s, 平均速率: 0.00 M/s, 最高分辨率: None, 平均帧率: 未知, 视频编解码器: 未知, 音频编解码器: 未知
分类: 港澳台频道, 名称: TVBS新闻台, 有效: 1, IPv4: 1, IPv6: 0, 最小延迟: 271 ms, 最高速率: 0.32 M/s, 平均速率: 0.32 M/s, 最高分辨率: 1280x720, 平均帧率: 未知, 视频编解码器: 未知, 音频编解码器: 未知
分类: 港澳台频道, 名称: 东森财经, 有效: 0, IPv4: 4, IPv6: 0, 最小延迟: -1 ms, 最高速率: 0.00 M/s, 平均速率: 0.00 M/s, 最高分辨率: None, 平均帧率: 未知, 视频编解码器: 未知, 音频编解码器: 未知
分类: 港澳台频道, 名称: AMC电影台, 有效: 0, IPv4: 1, IPv6: 0, 最小延迟: -1 ms, 最高速率: 0.00 M/s, 平均速率: 0.00 M/s, 最高分辨率: None, 平均帧率: 未知, 视频编解码器: 未知, 音频编解码器: 未知
分类: 港澳台频道, 名称: CAT电影, 有效: 0, IPv4: 1, IPv6: 0, 最小延迟: -1 ms, 最高速率: 0.00 M/s, 平均速率: 0.00 M/s, 最高分辨率: None, 平均帧率: 未知, 视频编解码器: 未知, 音频编解码器: 未知
分类: 港澳台频道, 名称: 八大戏剧台, 有效: 0, IPv4: 1, IPv6: 0, 最小延迟: -1 ms, 最高速率: 0.00 M/s, 平均速率: 0.00 M/s, 最高分辨率: None, 平均帧率: 未知, 视频编解码器: 未知, 音频编解码器: 未知
分类: 港澳台频道, 名称: 人间卫视, 有效: 3, IPv4: 3, IPv6: 0, 最小延迟: 162 ms, 最高速率: 0.39 M/s, 平均速率: 0.37 M/s, 最高分辨率: 1280x720, 平均帧率: 29.97, 视频编解码器: h264, 音频编解码器: aac
分类: 港澳台频道, 名称: 纬来体育, 有效: 0, IPv4: 2, IPv6: 0, 最小延迟: 1818 ms, 最高速率: 0.00 M/s, 平均速率: 0.00 M/s, 最高分辨率: None, 平均帧率: 未知, 视频编解码器: 未知, 音频编解码器: 未知
分类: 动画频道, 名称: 卡酷少儿, 有效: 0, IPv4: 9, IPv6: 0, 最小延迟: -1 ms, 最高速率: 0.00 M/s, 平均速率: 0.00 M/s, 最高分辨率: None, 平均帧率: 未知, 视频编解码器: 未知, 音频编解码器: 未知
分类: 动画频道, 名称: 金鹰卡通, 有效: 0, IPv4: 17, IPv6: 0, 最小延迟: -1 ms, 最高速率: 0.00 M/s, 平均速率: 0.00 M/s, 最高分辨率: None, 平均帧率: 未知, 视频编解码器: 未知, 音频编解码器: 未知
分类: 动画频道, 名称: 优漫卡通, 有效: 0, IPv4: 4, IPv6: 0, 最小延迟: 180 ms, 最高速率: 0.00 M/s, 平均速率: 0.00 M/s, 最高分辨率: None, 平均帧率: 未知, 视频编解码器: 未知, 音频编解码器: 未知
分类: 动画频道, 名称: 哈哈炫动, 有效: 0, IPv4: 7, IPv6: 0, 最小延迟: -1 ms, 最高速率: 0.00 M/s, 平均速率: 0.00 M/s, 最高分辨率: None, 平均帧率: 未知, 视频编解码器: 未知, 音频编解码器: 未知
分类: 动画频道, 名称: 动漫秀场, 有效: 0, IPv4: 4, IPv6: 0, 最小延迟: -1 ms, 最高速率: 0.00 M/s, 平均速率: 0.00 M/s, 最高分辨率: None, 平均帧率: 未知, 视频编解码器: 未知, 音频编解码器: 未知
分类: 动画频道, 名称: 爱动漫, 有效: 0, IPv4: 1, IPv6: 0, 最小延迟: -1 ms, 最高速率: 0.00 M/s, 平均速率: 0.00 M/s, 最高分辨率: None, 平均帧率: 未知, 视频编解码器: 未知, 音频编解码器: 未知
分类: 动画频道, 名称: 浙江少儿, 有效: 0, IPv4: 4, IPv6: 0, 最小延迟: 428 ms, 最高速率: 0.45 M/s, 平均速率: 0.00 M/s, 最高分辨率: 1920x1080, 平均帧率: 25.00, 视频编解码器: h264, 音频编解码器: aac
分类: 动画频道, 名称: 嘉佳卡通, 有效: 0, IPv4: 12, IPv6: 0, 最小延迟: 91 ms, 最高速率: 3.50 M/s, 平均速率: 0.00 M/s, 最高分辨率: 720x576, 平均帧率: 25.00, 视频编解码器: h264, 音频编解码器: aac
分类: 动画频道, 名称: 海南少儿, 有效: 0, IPv4: 1, IPv6: 0, 最小延迟: -1 ms, 最高速率: 0.00 M/s, 平均速率: 0.00 M/s, 最高分辨率: 1280x720, 平均帧率: 未知, 视频编解码器: 未知, 音频编解码器: 未知
分类: 地方频道, 名称: 上海外语, 有效: 0, IPv4: 2, IPv6: 0, 最小延迟: 209 ms, 最高速率: 0.00 M/s, 平均速率: 0.00 M/s, 最高分辨率: 1920x1080, 平均帧率: 未知, 视频编解码器: 未知, 音频编解码器: 未知
分类: 地方频道, 名称: 北京新闻, 有效: 0, IPv4: 1, IPv6: 0, 最小延迟: 7 ms, 最高速率: 7.11 M/s, 平均速率: 0.00 M/s, 最高分辨率: None, 平均帧率: 未知, 视频编解码器: 未知, 音频编解码器: aac
分类: 地方频道, 名称: 上海教育, 有效: 0, IPv4: 1, IPv6: 0, 最小延迟: -1 ms, 最高速率: 0.00 M/s, 平均速率: 0.00 M/s, 最高分辨率: None, 平均帧率: 未知, 视频编解码器: 未知, 音频编解码器: 未知
分类: 地方频道, 名称: 上海新闻综合, 有效: 0, IPv4: 1, IPv6: 0, 最小延迟: 209 ms, 最高速率: 0.00 M/s, 平均速率: 0.00 M/s, 最高分辨率: None, 平均帧率: 未知, 视频编解码器: 未知, 音频编解码器: 未知
分类: 地方频道, 名称: 上海第一财经, 有效: 0, IPv4: 2, IPv6: 0, 最小延迟: 7 ms, 最高速率: 9.84 M/s, 平均速率: 0.00 M/s, 最高分辨率: None, 平均帧率: 未知, 视频编解码器: 未知, 音频编解码器: aac
分类: 地方频道, 名称: 东方影视, 有效: 0, IPv4: 2, IPv6: 0, 最小延迟: 661 ms, 最高速率: 0.00 M/s, 平均速率: 0.00 M/s, 最高分辨率: None, 平均帧率: 未知, 视频编解码器: 未知, 音频编解码器: 未知
分类: 地方频道, 名称: 东方财经, 有效: 0, IPv4: 2, IPv6: 0, 最小延迟: -1 ms, 最高速率: 0.00 M/s, 平均速率: 0.00 M/s, 最高分辨率: None, 平均帧率: 未知, 视频编解码器: 未知, 音频编解码器: 未知
分类: 动画频道, 名称: 河北少儿, 有效: 0, IPv4: 3, IPv6: 0, 最小延迟: 577 ms, 最高速率: 0.48 M/s, 平均速率: 0.00 M/s, 最高分辨率: 960x540, 平均帧率: 25.00, 视频编解码器: h264, 音频编解码器: aac
分类: 动画频道, 名称: 黑龙江少儿, 有效: 0, IPv4: 1, IPv6: 0, 最小延迟: -1 ms, 最高速率: 0.00 M/s, 平均速率: 0.00 M/s, 最高分辨率: None, 平均帧率: 未知, 视频编解码器: 未知, 音频编解码器: 未知
分类: 地方频道, 名称: 生活时尚, 有效: 0, IPv4: 3, IPv6: 0, 最小延迟: -1 ms, 最高速率: 0.00 M/s, 平均速率: 0.00 M/s, 最高分辨率: None, 平均帧率: 未知, 视频编解码器: 未知, 音频编解码器: 未知
分类: 地方频道, 名称: 全纪实, 有效: 0, IPv4: 1, IPv6: 0, 最小延迟: -1 ms, 最高速率: 0.00 M/s, 平均速率: 0.00 M/s, 最高分辨率: None, 平均帧率: 未知, 视频编解码器: 未知, 音频编解码器: 未知
分类: 地方频道, 名称: 新闻综合, 有效: 1, IPv4: 1, IPv6: 0, 最小延迟: 454 ms, 最高速率: 0.53 M/s, 平均速率: 0.53 M/s, 最高分辨率: 1920x1080, 平均帧率: 25.00, 视频编解码器: h264, 音频编解码器: aac
分类: 地方频道, 名称: 上海都市, 有效: 0, IPv4: 1, IPv6: 0, 最小延迟: -1 ms, 最高速率: 0.00 M/s, 平均速率: 0.00 M/s, 最高分辨率: None, 平均帧率: 未知, 视频编解码器: 未知, 音频编解码器: 未知
分类: 地方频道, 名称: 广东珠江, 有效: 1, IPv4: 5, IPv6: 0, 最小延迟: 342 ms, 最高速率: 2.08 M/s, 平均速率: 2.08 M/s, 最高分辨率: 1280x720, 平均帧率: 未知, 视频编解码器: 未知, 音频编解码器: 未知
分类: 地方频道, 名称: 广东民生, 有效: 0, IPv4: 2, IPv6: 0, 最小延迟: -1 ms, 最高速率: 0.00 M/s, 平均速率: 0.00 M/s, 最高分辨率: None, 平均帧率: 未知, 视频编解码器: 未知, 音频编解码器: 未知
分类: 地方频道, 名称: 广州综合, 有效: 3, IPv4: 3, IPv6: 0, 最小延迟: 452 ms, 最高速率: 0.60 M/s, 平均速率: 0.41 M/s, 最高分辨率: 1280x720, 平均帧率: 25.00, 视频编解码器: h264, 音频编解码器: aac
分类: 地方频道, 名称: 广东体育, 有效: 0, IPv4: 6, IPv6: 0, 最小延迟: 1188 ms, 最高速率: 0.12 M/s, 平均速率: 0.00 M/s, 最高分辨率: None, 平均帧率: 未知, 视频编解码器: 未知, 音频编解码器: 未知
分类: 地方频道, 名称: 广东新闻, 有效: 0, IPv4: 3, IPv6: 0, 最小延迟: -1 ms, 最高速率: 0.00 M/s, 平均速率: 0.00 M/s, 最高分辨率: None, 平均帧率: 未知, 视频编解码器: 未知, 音频编解码器: 未知
分类: 地方频道, 名称: 浙江教育, 有效: 0, IPv4: 1, IPv6: 0, 最小延迟: 1273 ms, 最高速率: 0.05 M/s, 平均速率: 0.00 M/s, 最高分辨率: 1280x720, 平均帧率: 未知, 视频编解码器: 未知, 音频编解码器: 未知
分类: 地方频道, 名称: 浙江经济生活, 有效: 0, IPv4: 5, IPv6: 0, 最小延迟: 408 ms, 最高速率: 0.43 M/s, 平均速率: 0.00 M/s, 最高分辨率: 1920x1080, 平均帧率: 25.00, 视频编解码器: h264, 音频编解码器: aac
分类: 地方频道, 名称: 浙江民生, 有效: 3, IPv4: 5, IPv6: 0, 最小延迟: 194 ms, 最高速率: 0.68 M/s, 平均速率: 0.62 M/s, 最高分辨率: 1920x1080, 平均帧率: 25.00, 视频编解码器: h264, 音频编解码器: aac
分类: 地方频道, 名称: 广州影视, 有效: 0, IPv4: 1, IPv6: 0, 最小延迟: -1 ms, 最高速率: 0.00 M/s, 平均速率: 0.00 M/s, 最高分辨率: None, 平均帧率: 未知, 视频编解码器: 未知, 音频编解码器: 未知
分类: 地方频道, 名称: 浙江新闻, 有效: 3, IPv4: 6, IPv6: 0, 最小延迟: 191 ms, 最高速率: 0.89 M/s, 平均速率: 0.64 M/s, 最高分辨率: 1920x1080, 平均帧率: 25.00, 视频编解码器: h264, 音频编解码器: aac
分类: 地方频道, 名称: 浙江留学, 有效: 0, IPv4: 2, IPv6: 0, 最小延迟: 289 ms, 最高速率: 0.39 M/s, 平均速率: 0.00 M/s, 最高分辨率: 1920x1080, 平均帧率: 25.00, 视频编解码器: h264, 音频编解码器: aac
分类: 地方频道, 名称: 浙江教科影院, 有效: 0, IPv4: 2, IPv6: 0, 最小延迟: 1249 ms, 最高速率: 0.04 M/s, 平均速率: 0.00 M/s, 最高分辨率: 1920x1080, 平均帧率: 未知, 视频编解码器: 未知, 音频编解码器: 未知
分类: 地方频道, 名称: 浙江数码时代, 有效: 1, IPv4: 3, IPv6: 0, 最小延迟: 375 ms, 最高速率: 0.42 M/s, 平均速率: 0.33 M/s, 最高分辨率: 1920x1080, 平均帧率: 25.00, 视频编解码器: h264, 音频编解码器: aac
分类: 地方频道, 名称: 浙江公共新闻, 有效: 0, IPv4: 2, IPv6: 0, 最小延迟: 755 ms, 最高速率: 0.21 M/s, 平均速率: 0.00 M/s, 最高分辨率: 1920x1080, 平均帧率: 25.00, 视频编解码器: h264, 音频编解码器: aac
分类: 地方频道, 名称: 江苏体育, 有效: 0, IPv4: 5, IPv6: 0, 最小延迟: -1 ms, 最高速率: 0.00 M/s, 平均速率: 0.00 M/s, 最高分辨率: None, 平均帧率: 未知, 视频编解码器: 未知, 音频编解码器: 未知
分类: 地方频道, 名称: 江苏城市, 有效: 0, IPv4: 8, IPv6: 0, 最小延迟: 1060 ms, 最高速率: 1.08 M/s, 平均速率: 0.00 M/s, 最高分辨率: 720x576, 平均帧率: 25.00, 视频编解码器: h264, 音频编解码器: aac
分类: 地方频道, 名称: 江苏影视, 有效: 0, IPv4: 11, IPv6: 0, 最小延迟: 991 ms, 最高速率: 2.05 M/s, 平均速率: 0.00 M/s, 最高分辨率: 720x576, 平均帧率: 25.00, 视频编解码器: h264, 音频编解码器: aac
分类: 地方频道, 名称: 山东少儿, 有效: 0, IPv4: 2, IPv6: 0, 最小延迟: -1 ms, 最高速率: 0.00 M/s, 平均速率: 0.00 M/s, 最高分辨率: None, 平均帧率: 未知, 视频编解码器: 未知, 音频编解码器: 未知
分类: 地方频道, 名称: 山东教育, 有效: 0, IPv4: 1, IPv6: 0, 最小延迟: -1 ms, 最高速率: 0.00 M/s, 平均速率: 0.00 M/s, 最高分辨率: None, 平均帧率: 未知, 视频编解码器: 未知, 音频编解码器: 未知
分类: 地方频道, 名称: 山东农科, 有效: 0, IPv4: 1, IPv6: 0, 最小延迟: -1 ms, 最高速率: 0.00 M/s, 平均速率: 0.00 M/s, 最高分辨率: None, 平均帧率: 未知, 视频编解码器: 未知, 音频编解码器: 未知
分类: 地方频道, 名称: 江苏教育, 有效: 0, IPv4: 12, IPv6: 0, 最小延迟: 973 ms, 最高速率: 1.12 M/s, 平均速率: 0.00 M/s, 最高分辨率: 720x576, 平均帧率: 25.00, 视频编解码器: h264, 音频编解码器: aac
分类: 地方频道, 名称: 山东齐鲁, 有效: 0, IPv4: 2, IPv6: 0, 最小延迟: -1 ms, 最高速率: 0.00 M/s, 平均速率: 0.00 M/s, 最高分辨率: None, 平均帧率: 未知, 视频编解码器: 未知, 音频编解码器: 未知
分类: 地方频道, 名称: 山东生活, 有效: 0, IPv4: 1, IPv6: 0, 最小延迟: -1 ms, 最高速率: 0.00 M/s, 平均速率: 0.00 M/s, 最高分辨率: None, 平均帧率: 未知, 视频编解码器: 未知, 音频编解码器: 未知
分类: 地方频道, 名称: 辽宁北方, 有效: 0, IPv4: 2, IPv6: 0, 最小延迟: 1538 ms, 最高速率: 0.07 M/s, 平均速率: 0.00 M/s, 最高分辨率: None, 平均帧率: 未知, 视频编解码器: 未知, 音频编解码器: 未知
分类: 地方频道, 名称: 山东综艺, 有效: 0, IPv4: 1, IPv6: 0, 最小延迟: -1 ms, 最高速率: 0.00 M/s, 平均速率: 0.00 M/s, 最高分辨率: None, 平均帧率: 未知, 视频编解码器: 未知, 音频编解码器: 未知
分类: 地方频道, 名称: 辽宁影视剧, 有效: 0, IPv4: 2, IPv6: 0, 最小延迟: 3376 ms, 最高速率: 0.03 M/s, 平均速率: 0.00 M/s, 最高分辨率: None, 平均帧率: 未知, 视频编解码器: 未知, 音频编解码器: 未知
分类: 地方频道, 名称: 辽宁教育青少, 有效: 0, IPv4: 1, IPv6: 0, 最小延迟: -1 ms, 最高速率: 0.00 M/s, 平均速率: 0.00 M/s, 最高分辨率: 1920x1080, 平均帧率: 未知, 视频编解码器: 未知, 音频编解码器: 未知
分类: 地方频道, 名称: 辽宁生活, 有效: 0, IPv4: 2, IPv6: 0, 最小延迟: 1419 ms, 最高速率: 0.13 M/s, 平均速率: 0.00 M/s, 最高分辨率: None, 平均帧率: 未知, 视频编解码器: 未知, 音频编解码器: 未知
分类: 地方频道, 名称: 辽宁经济, 有效: 0, IPv4: 3, IPv6: 0, 最小延迟: 1304 ms, 最高速率: 0.08 M/s, 平均速率: 0.00 M/s, 最高分辨率: 1920x1080, 平均帧率: 未知, 视频编解码器: 未知, 音频编解码器: 未知
分类: 地方频道, 名称: 辽宁都市, 有效: 0, IPv4: 3, IPv6: 0, 最小延迟: -1 ms, 最高速率: 0.00 M/s, 平均速率: 0.00 M/s, 最高分辨率: 1920x1080, 平均帧率: 未知, 视频编解码器: 未知, 音频编解码器: 未知
分类: 地方频道, 名称: 湖南都市, 有效: 0, IPv4: 1, IPv6: 0, 最小延迟: -1 ms, 最高速率: 0.00 M/s, 平均速率: 0.00 M/s, 最高分辨率: None, 平均帧率: 未知, 视频编解码器: 未知, 音频编解码器: 未知
分类: 地方频道, 名称: 湖南视剧, 有效: 0, IPv4: 1, IPv6: 0, 最小延迟: -1 ms, 最高速率: 0.00 M/s, 平均速率: 0.00 M/s, 最高分辨率: None, 平均帧率: 未知, 视频编解码器: 未知, 音频编解码器: 未知
分类: 地方频道, 名称: 湖南经视, 有效: 0, IPv4: 1, IPv6: 0, 最小延迟: -1 ms, 最高速率: 0.00 M/s, 平均速率: 0.00 M/s, 最高分辨率: None, 平均帧率: 未知, 视频编解码器: 未知, 音频编解码器: 未知
分类: 地方频道, 名称: 湖南电影, 有效: 0, IPv4: 1, IPv6: 0, 最小延迟: -1 ms, 最高速率: 0.00 M/s, 平均速率: 0.00 M/s, 最高分辨率: None, 平均帧率: 未知, 视频编解码器: 未知, 音频编解码器: 未知
分类: 地方频道, 名称: 湖南爱晚, 有效: 0, IPv4: 2, IPv6: 0, 最小延迟: -1 ms, 最高速率: 0.00 M/s, 平均速率: 0.00 M/s, 最高分辨率: None, 平均帧率: 未知, 视频编解码器: 未知, 音频编解码器: 未知
分类: 地方频道, 名称: 湖南娱乐, 有效: 0, IPv4: 1, IPv6: 0, 最小延迟: -1 ms, 最高速率: 0.00 M/s, 平均速率: 0.00 M/s, 最高分辨率: None, 平均帧率: 未知, 视频编解码器: 未知, 音频编解码器: 未知
分类: 地方频道, 名称: 湖南国际, 有效: 0, IPv4: 1, IPv6: 0, 最小延迟: -1 ms, 最高速率: 0.00 M/s, 平均速率: 0.00 M/s, 最高分辨率: None, 平均帧率: 未知, 视频编解码器: 未知, 音频编解码器: 未知
分类: 地方频道, 名称: 湖南教育, 有效: 0, IPv4: 1, IPv6: 0, 最小延迟: -1 ms, 最高速率: 0.00 M/s, 平均速率: 0.00 M/s, 最高分辨率: None, 平均帧率: 未知, 视频编解码器: 未知, 音频编解码器: 未知
分类: 地方频道, 名称: 湖北经视, 有效: 0, IPv4: 4, IPv6: 0, 最小延迟: -1 ms, 最高速率: 0.00 M/s, 平均速率: 0.00 M/s, 最高分辨率: None, 平均帧率: 未知, 视频编解码器: 未知, 音频编解码器: 未知
分类: 地方频道, 名称: 福建新闻, 有效: 0, IPv4: 3, IPv6: 0, 最小延迟: 7 ms, 最高速率: 6.67 M/s, 平均速率: 0.00 M/s, 最高分辨率: None, 平均帧率: 未知, 视频编解码器: 未知, 音频编解码器: aac
分类: 地方频道, 名称: 湖北影视, 有效: 0, IPv4: 2, IPv6: 0, 最小延迟: -1 ms, 最高速率: 0.00 M/s, 平均速率: 0.00 M/s, 最高分辨率: None, 平均帧率: 未知, 视频编解码器: 未知, 音频编解码器: 未知
分类: 地方频道, 名称: 福建电视剧, 有效: 0, IPv4: 1, IPv6: 0, 最小延迟: -1 ms, 最高速率: 0.00 M/s, 平均速率: 0.00 M/s, 最高分辨率: None, 平均帧率: 未知, 视频编解码器: 未知, 音频编解码器: 未知
分类: 地方频道, 名称: 山西社会与法治, 有效: 0, IPv4: 1, IPv6: 0, 最小延迟: -1 ms, 最高速率: 0.00 M/s, 平均速率: 0.00 M/s, 最高分辨率: None, 平均帧率: 未知, 视频编解码器: 未知, 音频编解码器: 未知
分类: 地方频道, 名称: 安徽国际, 有效: 0, IPv4: 1, IPv6: 0, 最小延迟: -1 ms, 最高速率: 0.00 M/s, 平均速率: 0.00 M/s, 最高分辨率: None, 平均帧率: 未知, 视频编解码器: 未知, 音频编解码器: 未知
分类: 地方频道, 名称: 湖北公共新闻, 有效: 0, IPv4: 1, IPv6: 0, 最小延迟: -1 ms, 最高速率: 0.00 M/s, 平均速率: 0.00 M/s, 最高分辨率: None, 平均帧率: 未知, 视频编解码器: 未知, 音频编解码器: 未知
分类: 地方频道, 名称: 陕西新闻资讯, 有效: 0, IPv4: 1, IPv6: 0, 最小延迟: -1 ms, 最高速率: 0.00 M/s, 平均速率: 0.00 M/s, 最高分辨率: None, 平均帧率: 未知, 视频编解码器: 未知, 音频编解码器: 未知
分类: 地方频道, 名称: 山西影视, 有效: 0, IPv4: 2, IPv6: 0, 最小延迟: -1 ms, 最高速率: 0.00 M/s, 平均速率: 0.00 M/s, 最高分辨率: None, 平均帧率: 未知, 视频编解码器: 未知, 音频编解码器: 未知
分类: 地方频道, 名称: 山西经济与科技, 有效: 0, IPv4: 2, IPv6: 0, 最小延迟: -1 ms, 最高速率: 0.00 M/s, 平均速率: 0.00 M/s, 最高分辨率: 1920x1080, 平均帧率: 未知, 视频编解码器: 未知, 音频编解码器: 未知
分类: 地方频道, 名称: 安徽影视, 有效: 0, IPv4: 3, IPv6: 0, 最小延迟: -1 ms, 最高速率: 0.00 M/s, 平均速率: 0.00 M/s, 最高分辨率: None, 平均帧率: 未知, 视频编解码器: 未知, 音频编解码器: 未知
分类: 地方频道, 名称: 宁夏公共, 有效: 0, IPv4: 1, IPv6: 0, 最小延迟: -1 ms, 最高速率: 0.00 M/s, 平均速率: 0.00 M/s, 最高分辨率: None, 平均帧率: 未知, 视频编解码器: 未知, 音频编解码器: 未知
分类: 地方频道, 名称: 宁夏经济, 有效: 0, IPv4: 1, IPv6: 0, 最小延迟: -1 ms, 最高速率: 0.00 M/s, 平均速率: 0.00 M/s, 最高分辨率: None, 平均帧率: 未知, 视频编解码器: 未知, 音频编解码器: 未知
分类: 地方频道, 名称: 云南都市, 有效: 1, IPv4: 1, IPv6: 0, 最小延迟: 482 ms, 最高速率: 0.33 M/s, 平均速率: 0.33 M/s, 最高分辨率: 1280x720, 平均帧率: 未知, 视频编解码器: 未知, 音频编解码器: 未知
分类: 地方频道, 名称: 云南娱乐, 有效: 1, IPv4: 1, IPv6: 0, 最小延迟: 395 ms, 最高速率: 0.67 M/s, 平均速率: 0.67 M/s, 最高分辨率: 1280x720, 平均帧率: 未知, 视频编解码器: 未知, 音频编解码器: 未知
分类: 地方频道, 名称: 安徽经济生活, 有效: 0, IPv4: 1, IPv6: 0, 最小延迟: -1 ms, 最高速率: 0.00 M/s, 平均速率: 0.00 M/s, 最高分辨率: None, 平均帧率: 未知, 视频编解码器: 未知, 音频编解码器: 未知
分类: 地方频道, 名称: 安徽综艺体育, 有效: 0, IPv4: 2, IPv6: 0, 最小延迟: -1 ms, 最高速率: 0.00 M/s, 平均速率: 0.00 M/s, 最高分辨率: None, 平均帧率: 未知, 视频编解码器: 未知, 音频编解码器: 未知
分类: 地方频道, 名称: 哈尔滨影视, 有效: 0, IPv4: 4, IPv6: 0, 最小延迟: 566 ms, 最高速率: 0.11 M/s, 平均速率: 0.00 M/s, 最高分辨率: 1920x1080, 平均帧率: 未知, 视频编解码器: 未知, 音频编解码器: 未知
分类: 地方频道, 名称: 哈尔滨新闻综合, 有效: 0, IPv4: 4, IPv6: 0, 最小延迟: 2862 ms, 最高速率: 0.16 M/s, 平均速率: 0.00 M/s, 最高分辨率: None, 平均帧率: 未知, 视频编解码器: 未知, 音频编解码器: 未知
